{
  "stdout": [
    "Artifacts written to ./build from the image `polywrap-build-env-",
    "Manifest written to ./build/web3api.json",
    "build/web3api.json",
    "build/web3api.meta.json",
    "build/meta/queries/test.graphql",
    "build/meta/queries/test.json",
    "build/meta/links/link.svg",
    "build/meta/icon/icon.png"
  ],
  "exitCode": 0
}
