{
  "stdout": [
    "Manifest loaded from ./polywrap.custom.app.yaml",
    "Generate types",
    "Code was generated successfully"
  ],
  "exitCode": 0
}
