{
  "stdout": "instance is not allowed to have the additional property \"wrong_mutation\"",
  "exitCode": 1
}
