{
  "stdout": [
    "ENOENT: no such file or directory",
    "wrong/schema.graphql"
  ],
  "exitCode": 1
}
