{
  "stdout": [
    "Artifacts written to ./build from the image `polywrap-build-env-",
    "Manifest written to ./build/polywrap.json",
    "build/polywrap.json",
    "docker rmi polywrap-build-env-",
    "docker buildx rm polywrap-build-env-"
  ],
  "exitCode": 0,
  "files": [
    ".polywrap/wasm/build/image/cache/index.json",
    ".polywrap/wasm/build/image/cache/blobs/sha256/"
  ]
}
