{
  "stdout": [
    "Artifacts written to ./build from the image `polywrap-build-env-",
    "Manifest written to ./build/web3api.json",
    "build/web3api.json"
  ],
  "exitCode": 0
}
